AssignmentSameType.java:52:17: compiler.err.prob.found.req: (compiler.misc.inconvertible.types: Ref<compiler.misc.type.captureof: 1, ? extends B>, Ref<B>)
AssignmentSameType.java:53:17: compiler.err.prob.found.req: (compiler.misc.inconvertible.types: Ref<compiler.misc.type.captureof: 1, ? super B>, Ref<B>)
AssignmentSameType.java:54:17: compiler.err.prob.found.req: (compiler.misc.inconvertible.types: Ref<compiler.misc.type.captureof: 1, ?>, Ref<B>)
AssignmentSameType.java:55:18: compiler.err.prob.found.req: (compiler.misc.inconvertible.types: Ref<compiler.misc.type.captureof: 1, ? super B>, Ref<? extends B>)
AssignmentSameType.java:56:18: compiler.err.prob.found.req: (compiler.misc.inconvertible.types: Ref<compiler.misc.type.captureof: 1, ?>, Ref<? extends B>)
AssignmentSameType.java:57:18: compiler.err.prob.found.req: (compiler.misc.inconvertible.types: Ref<compiler.misc.type.captureof: 1, ? extends B>, Ref<? super B>)
AssignmentSameType.java:58:18: compiler.err.prob.found.req: (compiler.misc.inconvertible.types: Ref<compiler.misc.type.captureof: 1, ?>, Ref<? super B>)
7 errors
