TargetType68.java:61:32: compiler.err.cant.inherit.from.final: TargetType68.XYChart.Series
1 error
