             @author: overview module package type ........... ...... ..... ...... disabled
             {@code}: overview module package type constructor method field inline ........
       @defaultValue: ........ ...... ....... .... ........... method field ...... ........
         @deprecated: ........ module ....... type constructor method field ...... ........
          {@docRoot}: overview module package type constructor method field inline ........
          @exception: ........ ...... ....... .... constructor method ..... ...... ........
            @factory: ........ ...... ....... .... ........... method ..... ...... ........
             @hidden: ........ ...... ....... type ........... method field ...... ........
            {@index}: overview module package type constructor method field inline ........
       {@inheritDoc}: ........ ...... ....... type ........... method ..... inline ........
             {@link}: overview module package type constructor method field inline ........
        {@linkplain}: overview module package type constructor method field inline ........
          {@literal}: overview module package type constructor method field inline ........
              @param: ........ ...... ....... type constructor method ..... ...... ........
@propertyDescription: ........ ...... ....... .... ........... method field ...... ........
     @propertyGetter: ........ ...... ....... .... ........... method ..... ...... ........
     @propertySetter: ........ ...... ....... .... ........... method ..... ...... ........
           @provides: ........ module ....... .... ........... ...... ..... ...... ........
             @return: ........ ...... ....... .... ........... method ..... ...... ........
                @see: overview module package type constructor method field ...... ........
             @serial: ........ ...... package type ........... ...... field ...... ........
         @serialData: ........ ...... ....... .... ........... ...... ..... ...... ........
        @serialField: ........ ...... ....... .... ........... ...... field ...... ........
              @since: overview module package type constructor method field ...... ........
          {@summary}: overview module package type constructor method field inline ........
             @throws: ........ ...... ....... .... constructor method ..... ...... ........
     @treatAsPrivate: ........ ...... ....... type ........... method field ...... ........
               @uses: ........ module ....... .... ........... ...... ..... ...... ........
            {@value}: overview ...... package type constructor method field inline ........
            @version: overview module package type ........... ...... ..... ...... disabled
