EntitiesTest.java:301: error: invalid entity &bad;
     * &bad;
       ^
EntitiesTest.java:306: error: invalid entity &#31;
     * &#31;
       ^
EntitiesTest.java:307: error: invalid entity &#2127;
     * &#2127;
       ^
EntitiesTest.java:312: error: invalid entity &#8213;
     * &#8213;
       ^
EntitiesTest.java:313: error: invalid entity &#9003;
     * &#9003;
       ^
EntitiesTest.java:314: error: invalid entity &#xffff;
     * &#xffff;
       ^
6 errors
