T6967002.java:33:22: compiler.err.expected: ')'
1 error
