- compiler.err.preview.feature.disabled.classfile: Bar.class, 11
1 error
