Derr.java:24:1: compiler.err.annotation.missing.default.value: A, x
1 error
