AnchorTest2.java:16: error: anchor already defined: "AnchorTest2"
    /** <a name="AnchorTest2"> </a> */
           ^
1 error
