package-info.java:24:1: compiler.err.annotation.type.not.applicable
1 error
