ArrayDims5.java:43:9: compiler.err.limit.dimensions
1 error
