PoolSize1.java:35:1: compiler.err.limit.pool
1 error
