NonasciiDigit.java:12:24: compiler.err.illegal.nonascii.digit
NonasciiDigit.java:13:19: compiler.err.illegal.nonascii.digit
NonasciiDigit.java:14:24: compiler.err.illegal.nonascii.digit
NonasciiDigit.java:16:27: compiler.err.illegal.nonascii.digit
NonasciiDigit.java:17:22: compiler.err.illegal.nonascii.digit
NonasciiDigit.java:18:22: compiler.err.illegal.nonascii.digit
NonasciiDigit.java:19:22: compiler.err.illegal.nonascii.digit
NonasciiDigit.java:20:22: compiler.err.illegal.nonascii.digit
NonasciiDigit.java:21:27: compiler.err.illegal.nonascii.digit
9 errors
