TypeError: [object Symbol] is not a symbol.
TypeError: [object Symbol] is not a symbol.
Symbol(foo)
