abc
12 $ {$$}
nested
[["abc\n",""," $ {$$","\n","d"],["a\\x62\\u0063\\n",""," $ {\\$$\\\n","\n","d"],[1,2,{},"neste"]]
