hello
yes v != 0
hello world from script
HELLO
WORLD
I am runnable
is m an ArrayList? true
size called
2
