This is line 1.
This is line 2.
THIS IS LINE 3.
THIS IS LINE 4.
This is line 5.
This is line 6.
this is line 7.
this is line 8.
This is line 9.
This is line 10.
This is line 11.
This is line 12.
