non-vararg invocation if arguments <= 125
vararg invocation if arguments > 125
