G called
[object global]
F called
G called
argument 1
F called
G called
argument 2
F called
G called
argument 3
F called
G called
argument 4
F called
G called
argument 5
F called
G called
argument 6
