[object Object]
	at MyError (test/nashorn/script/basic/JDK-8025488.js:34)
	at <program> (test/nashorn/script/basic/JDK-8025488.js:42)
